<html>
<body>
<pre>
<h1>µVision Build Log</h1>
<h2>Tool Versions:</h2>
IDE-Version: ¦ÌVision V5.12.0.0
Copyright (C) 2014 ARM Ltd and ARM Germany GmbH. All rights reserved.
License Information: jinhua su, sure, LIC=----
 
Tool Versions:
Toolchain:       MDK-Lite  Version: 5.12.0.0
Toolchain Path:  C:\Keil_v5\ARM\ARMCC\Bin
C Compiler:      Armcc.exe V5.05 (build 41)
Assembler:       Armasm.exe V5.05 (build 41)
Linker/Locator:  ArmLink.exe V5.05 (build 41)
Library Manager: ArmAr.exe V5.05 (build 41)
Hex Converter:   FromElf.exe V5.05 (build 41)
CPU DLL:         SARM.DLL V5.12.0.0
Dialog DLL:      DARMP3.DLL
    Target DLL: Segger\JLTAgdi.dll
Dialog DLL:      TARMP3.DLL V1.02
 
<h2>Project:</h2>
C:\test_boxin\projects\ble_app_gatt_128\bk3435.uvproj
Project File Date:  11/25/2018

<h2>Output:</h2>
Rebuild target 'BK3435_app'
compiling arch_main.c...
app\arch_main.c(576): warning:  #177-D: variable "sleep_type" was declared but never referenced
        uint8_t sleep_type = 0;
app\arch_main.c: 1 warning, 0 errors
assembling boot_handlers.s...
assembling boot_vectors.s...
compiling rwble.c...
compiling rwble_hl.c...
compiling rwip.c...
compiling emi.c...
compiling flash.c...
compiling gpio.c...
compiling icu.c...
compiling intc.c...
compiling pwm.c...
compiling timer.c...
compiling wdt.c...
compiling uart.c...
compiling rf_xvr.c...
compiling adc.c...
compiling bass.c...
compiling bass_task.c...
compiling diss.c...
compiling diss_task.c...
compiling fcc0s.c...
compiling fcc0s_task.c...
compiling attm_util128.c...
compiling oads.c...
compiling oads_task.c...
compiling prf.c...
compiling prf_utils.c...
compiling attm_oad_util128.c...
compiling app.c...
compiling app_batt.c...
compiling app_dis.c...
compiling app_oads.c...
compiling app_task.c...
compiling app_fcc0.c...
linking...
Program Size: Code=25608 RO-data=1624 RW-data=104 ZI-data=7880  
After Build - User command #1: fromelf --bin --output .\output\app\bk3435_ble_app.bin .\obj\bk3435_ble_app.axf
After Build - User command #2: .\output\encrypt_app.bat
C:\test_boxin\projects\ble_app_gatt_128>.\output\BinConvert_3435_OAD  -oad .\output\bim\bk3435_ble_bim.bin  .\output\stack\bk3435_ble_stack.bin  .\output\app\bk3435_ble_app.bin -m 0x1F00 -l 0x1E200 -v 0x1188 -rom_v 0x0007 -e 00000000 00000000 00000000 00000000 
cmd_bin_oad.stack_file_addr :0x1f00
binary version hex:0x1188; dec:4488
Arm Image Binary will be converted to OAD format binary file.....
cmd_bin_oad.stack_file_addr=1f00
boot_bin_len=1ca0
add stack bin start
        Encrypt Seccessfully!
        File Size: 0x27236
oad_stack_app_bin_len=25200
oad_app_bin_len=72d0
fc 97 0f 9a 88 11 b4 1c 42 42 42 42 ff ff 07 00 /**< @CREATE_FILE_SUCCESS */
/**< @Download flash file:.\output\app\bk3435_ble_app_merge_crc.bin
/**< @OAD file :.\output\app\bk3435_ble_app_stack_oad.bin,CRC = 0xfdfe5799
/**< @OAD file :.\output\app\bk3435_ble_app_oad.bin,CRC = 0x9a0f97fc
/**< @author <gang.cheng@bekencorp.com> */
/**< @version v0.3 */
".\obj\bk3435_ble_app.axf" - 0 Error(s), 1 Warning(s).
